2026-09-17 16:42:34 | INFO | DAG run_id: manual__2026-09-17T16:42:16.734173+00:00
2026-09-17 16:42:34 | INFO | Logical date: 2026-09-17 16:42:16.734173+00:00
2026-09-17 16:42:34 | INFO | Process log file: /opt/airflow/data/logs/20260917T164216__manual__2026-09-17T16_42_16_734173_00_00/transform.log
2026-09-17 16:42:34 | INFO | TRANSFORM started
2026-09-17 16:42:34 | WARNING | Skipping invalid row 3
2026-09-17 16:42:34 | WARNING | Skipping invalid row 9
2026-09-17 16:42:34 | WARNING | Skipping invalid row 13
2026-09-17 16:42:34 | WARNING | Skipping invalid row 16
2026-09-17 16:42:34 | WARNING | Skipping invalid row 19
2026-09-17 16:42:34 | WARNING | Skipping invalid row 20
2026-09-17 16:42:34 | WARNING | Skipping invalid row 33
2026-09-17 16:42:34 | WARNING | Skipping invalid row 34
2026-09-17 16:42:34 | WARNING | Skipping invalid row 43
2026-09-17 16:42:34 | WARNING | Skipping invalid row 47
2026-09-17 16:42:34 | WARNING | Skipping invalid row 53
2026-09-17 16:42:34 | WARNING | Skipping invalid row 57
2026-09-17 16:42:34 | WARNING | Skipping invalid row 60
2026-09-17 16:42:34 | WARNING | Skipping invalid row 69
2026-09-17 16:42:34 | WARNING | Skipping invalid row 70
2026-09-17 16:42:34 | WARNING | Skipping invalid row 71
2026-09-17 16:42:34 | WARNING | Skipping invalid row 72
2026-09-17 16:42:34 | WARNING | Skipping invalid row 74
2026-09-17 16:42:34 | WARNING | Skipping invalid row 88
2026-09-17 16:42:34 | WARNING | Skipping invalid row 99
2026-09-17 16:42:34 | WARNING | Skipping invalid row 108
2026-09-17 16:42:34 | WARNING | Skipping invalid row 115
2026-09-17 16:42:34 | WARNING | Skipping invalid row 118
2026-09-17 16:42:34 | WARNING | Skipping invalid row 123
2026-09-17 16:42:34 | WARNING | Skipping invalid row 125
2026-09-17 16:42:34 | WARNING | Skipping invalid row 131
2026-09-17 16:42:34 | WARNING | Skipping invalid row 134
2026-09-17 16:42:34 | WARNING | Skipping invalid row 136
2026-09-17 16:42:34 | WARNING | Skipping invalid row 139
2026-09-17 16:42:34 | WARNING | Skipping invalid row 149
2026-09-17 16:42:34 | WARNING | Skipping invalid row 151
2026-09-17 16:42:34 | WARNING | Skipping invalid row 155
2026-09-17 16:42:34 | WARNING | Skipping invalid row 157
2026-09-17 16:42:34 | WARNING | Skipping invalid row 159
2026-09-17 16:42:34 | WARNING | Skipping invalid row 162
2026-09-17 16:42:34 | WARNING | Skipping invalid row 169
2026-09-17 16:42:34 | WARNING | Skipping invalid row 182
2026-09-17 16:42:34 | WARNING | Skipping invalid row 189
2026-09-17 16:42:34 | WARNING | Skipping invalid row 201
2026-09-17 16:42:34 | WARNING | Skipping invalid row 205
2026-09-17 16:42:34 | WARNING | Skipping invalid row 211
2026-09-17 16:42:34 | WARNING | Skipping invalid row 212
2026-09-17 16:42:34 | WARNING | Skipping invalid row 215
2026-09-17 16:42:34 | WARNING | Skipping invalid row 220
2026-09-17 16:42:34 | WARNING | Skipping invalid row 229
2026-09-17 16:42:34 | WARNING | Skipping invalid row 233
2026-09-17 16:42:34 | WARNING | Skipping invalid row 237
2026-09-17 16:42:34 | WARNING | Skipping invalid row 240
2026-09-17 16:42:34 | WARNING | Skipping invalid row 247
2026-09-17 16:42:34 | WARNING | Skipping invalid row 248
2026-09-17 16:42:34 | WARNING | Skipping invalid row 250
2026-09-17 16:42:34 | WARNING | Skipping invalid row 252
2026-09-17 16:42:34 | WARNING | Skipping invalid row 261
2026-09-17 16:42:34 | WARNING | Skipping invalid row 265
2026-09-17 16:42:34 | WARNING | Skipping invalid row 271
2026-09-17 16:42:34 | WARNING | Skipping invalid row 272
2026-09-17 16:42:34 | WARNING | Skipping invalid row 288
2026-09-17 16:42:34 | WARNING | Skipping invalid row 298
2026-09-17 16:42:34 | WARNING | Skipping invalid row 302
2026-09-17 16:42:34 | WARNING | Skipping invalid row 304
2026-09-17 16:42:34 | WARNING | Skipping invalid row 305
2026-09-17 16:42:34 | WARNING | Skipping invalid row 315
2026-09-17 16:42:34 | INFO | TRANSFORM complete stats={'input': 315, 'valid': 238, 'duplicate_rows': 15, 'duplicate_ids': 0, 'skipped': 62, 'recalculated': 10, 'unknown_city': 11} daily_groups=181 city_groups=6
2026-09-17 16:42:34 | INFO | Done. Returned value was: None
2026-09-17 16:42:34 | INFO | ::group::Post task execution logs
2026-09-17 16:42:34 | INFO | Marking task as SUCCESS. dag_id=etl_sederhana_25573877PPA07227, task_id=transform_data, run_id=manual__2026-09-17T16:42:16.734173+00:00, execution_date=20260917T164216, start_date=20260917T164234, end_date=20260917T164234
