2026-09-18 01:16:43 | INFO | DAG run_id: scheduled__2026-09-17T00:00:00+00:00
2026-09-18 01:16:43 | INFO | Logical date: 2026-09-17 00:00:00+00:00
2026-09-18 01:16:43 | INFO | Process log file: /opt/airflow/data/logs/20260917T000000__scheduled__2026-09-17T00_00_00_00_00/load.log
2026-09-18 01:16:43 | INFO | LOAD started
2026-09-18 01:16:43 | INFO | LOAD wrote 181 rows to /opt/airflow/data/output/sales_daily.csv
2026-09-18 01:16:43 | INFO | LOAD wrote 6 rows to /opt/airflow/data/output/sales_by_city.csv
2026-09-18 01:16:43 | INFO | Done. Returned value was: None
2026-09-18 01:16:43 | INFO | ::group::Post task execution logs
2026-09-18 01:16:43 | INFO | Marking task as SUCCESS. dag_id=etl_sederhana_25573877PPA07227, task_id=load_data, run_id=scheduled__2026-09-17T00:00:00+00:00, execution_date=20260917T000000, start_date=20260918T011642, end_date=20260918T011643
2026-09-18 01:43:28,039 | INFO | Load selesai: /opt/airflow/data/output
2026-09-18 01:43:28,041 | INFO | Done. Returned value was: None
2026-09-18 01:43:28,046 | INFO | ::group::Post task execution logs
2026-09-18 01:43:28,047 | INFO | Marking task as SUCCESS. dag_id=etl_sederhana_25573877PPA07227, task_id=load_data, run_id=scheduled__2026-09-17T00:00:00+00:00, execution_date=20260917T000000, start_date=20260918T014327, end_date=20260918T014328
2026-09-18 01:58:07 | INFO | ========================================
2026-09-18 01:58:07 | INFO | DAG run_id: scheduled__2026-09-17T00:00:00+00:00
2026-09-18 01:58:07 | INFO | Logical date: 2026-09-17 00:00:00+00:00
2026-09-18 01:58:07 | INFO | Process log file: /opt/airflow/data/logs/20260917T000000__scheduled__2026-09-17T00_00_00_00_00/load.log
2026-09-18 01:58:07 | INFO | ========================================
2026-09-18 01:58:07 | INFO | ========================================
2026-09-18 01:58:07 | INFO | Memulai proses LOAD
2026-09-18 01:58:07 | INFO | ========================================
2026-09-18 01:58:07 | INFO | File agregasi harian berhasil dimuat.
2026-09-18 01:58:07 | INFO | Lokasi output: /opt/airflow/data/output/sales_daily.csv
2026-09-18 01:58:07 | INFO | Jumlah baris: 181
2026-09-18 01:58:07 | INFO | File agregasi berdasarkan kota berhasil dimuat.
2026-09-18 01:58:07 | INFO | Lokasi output: /opt/airflow/data/output/sales_by_city.csv
2026-09-18 01:58:07 | INFO | Jumlah baris: 6
2026-09-18 01:58:07 | INFO | Visualisasi tersedia: /opt/airflow/data/output/visualizations/sales_daily_trend.png
2026-09-18 01:58:07 | INFO | Visualisasi tersedia: /opt/airflow/data/output/visualizations/sales_by_city.png
2026-09-18 01:58:07 | INFO | ----------------------------------------
2026-09-18 01:58:07 | INFO | Output yang berhasil dibuat:
2026-09-18 01:58:07 | INFO | 1. /opt/airflow/data/output/sales_daily.csv
2026-09-18 01:58:07 | INFO | 2. /opt/airflow/data/output/sales_by_city.csv
2026-09-18 01:58:07 | INFO | 3. /opt/airflow/data/output/visualizations/sales_daily_trend.png
2026-09-18 01:58:07 | INFO | 4. /opt/airflow/data/output/visualizations/sales_by_city.png
2026-09-18 01:58:07 | INFO | ----------------------------------------
2026-09-18 01:58:07 | INFO | LOAD selesai.
2026-09-18 01:58:07 | INFO | Done. Returned value was: None
2026-09-18 01:58:07 | INFO | ::group::Post task execution logs
2026-09-18 01:58:07 | INFO | Marking task as SUCCESS. dag_id=etl_sederhana_25573877PPA07227, task_id=load_data, run_id=scheduled__2026-09-17T00:00:00+00:00, execution_date=20260917T000000, start_date=20260918T015807, end_date=20260918T015807
